Using pre-set license
Built from '6000.0/staging' branch; Version is '6000.0.48f1 (170d2541580d) revision 1510693'; Using compiler version '193933523'; Build Type 'Release'
OS: 'Windows 10  (10.0.19045) 64bit Core' Language: 'ja' Physical Memory: 16331 MB
BatchMode: 1, IsHumanControllingUs: 0, StartBugReporterOnCrash: 0, Is64bit: 1, IsPro: 1

COMMAND LINE ARGUMENTS:
C:\Program Files\Unity\Hub\Editor\6000.0.48f1\Editor\Unity.exe
-adb2
-batchMode
-noUpm
-name
AssetImportWorker1
-projectPath
D:/tryro-dev-camera_sim/unity_source/Cam
-logFile
Logs/AssetImportWorker1.log
-srvPort
56674
-job-worker-count
5
-background-job-worker-count
8
-gc-helper-count
1
Successfully changed project path to: D:/tryro-dev-camera_sim/unity_source/Cam
D:/tryro-dev-camera_sim/unity_source/Cam
[UnityMemory] Configuration Parameters - Can be set up in boot.config
    "memorysetup-bucket-allocator-granularity=16"
    "memorysetup-bucket-allocator-bucket-count=8"
    "memorysetup-bucket-allocator-block-size=33554432"
    "memorysetup-bucket-allocator-block-count=8"
    "memorysetup-main-allocator-block-size=16777216"
    "memorysetup-thread-allocator-block-size=16777216"
    "memorysetup-gfx-main-allocator-block-size=16777216"
    "memorysetup-gfx-thread-allocator-block-size=16777216"
    "memorysetup-cache-allocator-block-size=4194304"
    "memorysetup-typetree-allocator-block-size=2097152"
    "memorysetup-profiler-bucket-allocator-granularity=16"
    "memorysetup-profiler-bucket-allocator-bucket-count=8"
    "memorysetup-profiler-bucket-allocator-block-size=33554432"
    "memorysetup-profiler-bucket-allocator-block-count=8"
    "memorysetup-profiler-allocator-block-size=16777216"
    "memorysetup-profiler-editor-allocator-block-size=1048576"
    "memorysetup-temp-allocator-size-main=16777216"
    "memorysetup-job-temp-allocator-block-size=2097152"
    "memorysetup-job-temp-allocator-block-size-background=1048576"
    "memorysetup-job-temp-allocator-reduction-small-platforms=262144"
    "memorysetup-allocator-temp-initial-block-size-main=262144"
    "memorysetup-allocator-temp-initial-block-size-worker=262144"
    "memorysetup-temp-allocator-size-background-worker=32768"
    "memorysetup-temp-allocator-size-job-worker=262144"
    "memorysetup-temp-allocator-size-preload-manager=33554432"
    "memorysetup-temp-allocator-size-nav-mesh-worker=65536"
    "memorysetup-temp-allocator-size-audio-worker=65536"
    "memorysetup-temp-allocator-size-cloud-worker=32768"
    "memorysetup-temp-allocator-size-gi-baking-worker=262144"
    "memorysetup-temp-allocator-size-gi-baking-worker=262144"
    "memorysetup-temp-allocator-size-gi-baking-worker=262144"
    "memorysetup-temp-allocator-size-gi-baking-worker=262144"
    "memorysetup-temp-allocator-size-gi-baking-worker=262144"
    "memorysetup-temp-allocator-size-gfx=262144"
Player connection [44664]  Target information:

Player connection [44664]  * "[IP] 192.168.10.103 [Port] 0 [Flags] 2 [Guid] 2441317435 [EditorId] 2441317435 [Version] 1048832 [Id] WindowsEditor(7,DESKTOP-JPNJJEO) [Debug] 1 [PackageName] WindowsEditor [ProjectName] Editor" 

Player connection [44664]  * "[IP] 192.168.56.1 [Port] 0 [Flags] 2 [Guid] 2441317435 [EditorId] 2441317435 [Version] 1048832 [Id] WindowsEditor(7,DESKTOP-JPNJJEO) [Debug] 1 [PackageName] WindowsEditor [ProjectName] Editor" 

Player connection [44664] Host joined multi-casting on [225.0.0.222:54997]...
Player connection [44664] Host joined alternative multi-casting on [225.0.0.222:34997]...
JobSystem: Creating JobQueue using job-worker-count value 5
Input System module state changed to: Initialized.
[Physics::Module] Initialized fallback backend.
[Physics::Module] Id: 0xdecafbad
Library Redirect Path: Library/
[Physics::Module] Selected backend.
[Physics::Module] Name: PhysX
[Physics::Module] Id: 0xf2b8ea05
[Physics::Module] SDK Version: 4.1.2
[Physics::Module] Integration Version: 1.0.0
[Physics::Module] Threading Mode: Multi-Threaded
Refreshing native plugins compatible for Editor in 3508.19 ms, found 14 plugins.
Preloading 1 native plugins for Editor in 22.97 ms.
Initialize engine version: 6000.0.48f1 (170d2541580d)
[Subsystems] Discovering subsystems at path C:/Program Files/Unity/Hub/Editor/6000.0.48f1/Editor/Data/Resources/UnitySubsystems
[Subsystems] Discovering subsystems at path D:/tryro-dev-camera_sim/unity_source/Cam/Assets
GfxDevice: creating device client; kGfxThreadingModeNonThreaded
Direct3D:
    Version:  Direct3D 11.0 [level 11.1]
    Renderer: NVIDIA GeForce RTX 2060 (ID=0x1f08)
    Vendor:   NVIDIA
    VRAM:     5954 MB
    Driver:   32.0.15.6094
Initialize mono
Mono path[0] = 'C:/Program Files/Unity/Hub/Editor/6000.0.48f1/Editor/Data/Managed'
Mono path[1] = 'C:/Program Files/Unity/Hub/Editor/6000.0.48f1/Editor/Data/MonoBleedingEdge/lib/mono/unityjit-win32'
Mono config path = 'C:/Program Files/Unity/Hub/Editor/6000.0.48f1/Editor/Data/MonoBleedingEdge/etc'
Using monoOptions --debugger-agent=transport=dt_socket,embedding=1,server=y,suspend=n,address=127.0.0.1:56560
Begin MonoManager ReloadAssembly
Registering precompiled unity dll's ...
Register platform support module: C:/Program Files/Unity/Hub/Editor/6000.0.48f1/Editor/Data/PlaybackEngines/WindowsStandaloneSupport/UnityEditor.WindowsStandalone.Extensions.dll
Register platform support module: C:/Program Files/Unity/Hub/Editor/6000.0.48f1/Editor/Data/PlaybackEngines/AndroidPlayer/UnityEditor.Android.Extensions.dll
Registered in 0.011445 seconds.
- Loaded All Assemblies, in  0.950 seconds
Native extension for Android target not found
Android Extension - Scanning For ADB Devices 511 ms
Native extension for WindowsStandalone target not found
Mono: successfully reloaded assembly
- Finished resetting the current domain, in  1.327 seconds
Domain Reload Profiling: 2269ms
	BeginReloadAssembly (382ms)
		ExecutionOrderSort (0ms)
		DisableScriptedObjects (0ms)
		BackupInstance (0ms)
		ReleaseScriptingObjects (0ms)
		CreateAndSetChildDomain (3ms)
	RebuildCommonClasses (82ms)
	RebuildNativeTypeToScriptingClass (22ms)
	initialDomainReloadingComplete (126ms)
	LoadAllAssembliesAndSetupDomain (328ms)
		LoadAssemblies (374ms)
		RebuildTransferFunctionScriptingTraits (0ms)
		AnalyzeDomain (321ms)
			TypeCache.Refresh (318ms)
				TypeCache.ScanAssembly (289ms)
			BuildScriptInfoCaches (0ms)
			ResolveRequiredComponents (1ms)
	FinalizeReload (1327ms)
		ReleaseScriptCaches (0ms)
		RebuildScriptCaches (0ms)
		SetupLoadedEditorAssemblies (1219ms)
			LogAssemblyErrors (0ms)
			InitializePlatformSupportModulesInManaged (673ms)
			SetLoadedEditorAssemblies (7ms)
			BeforeProcessingInitializeOnLoad (122ms)
			ProcessInitializeOnLoadAttributes (322ms)
			ProcessInitializeOnLoadMethodAttributes (95ms)
			AfterProcessingInitializeOnLoad (0ms)
			EditorAssembliesLoaded (0ms)
		ExecutionOrderSort2 (0ms)
		AwakeInstancesAfterBackupRestoration (0ms)
========================================================================
Worker process is ready to serve import requests
Import Worker Mode flag is 0x00
Begin MonoManager ReloadAssembly
Loading assembly failed: "Library/ScriptAssemblies/Analytics.dll"
Loading assembly failed: "Library/ScriptAssemblies/Assembly-CSharp.dll"
Loading assembly failed: "Library/ScriptAssemblies/Autodesk.Fbx.BuildTestAssets.dll"
Loading assembly failed: "Library/ScriptAssemblies/Autodesk.Fbx.dll"
Loading assembly failed: "Library/ScriptAssemblies/Autodesk.Fbx.Editor.dll"
Loading assembly failed: "Library/ScriptAssemblies/IAPResolver.dll"
Loading assembly failed: "Library/ScriptAssemblies/Purchasing.Common.dll"
Loading assembly failed: "Library/ScriptAssemblies/Unity.2D.Sprite.Editor.dll"
Loading assembly failed: "Library/ScriptAssemblies/Unity.2D.Tilemap.Editor.dll"
Loading assembly failed: "Library/ScriptAssemblies/Unity.AI.Navigation.dll"
Loading assembly failed: "Library/ScriptAssemblies/Unity.AI.Navigation.Editor.ConversionSystem.dll"
Loading assembly failed: "Library/ScriptAssemblies/Unity.AI.Navigation.Editor.dll"
Loading assembly failed: "Library/ScriptAssemblies/Unity.AI.Navigation.Updater.dll"
Loading assembly failed: "Library/ScriptAssemblies/Unity.Analytics.DataPrivacy.dll"
Loading assembly failed: "Library/ScriptAssemblies/Unity.Burst.CodeGen.dll"
Loading assembly failed: "Library/ScriptAssemblies/Unity.Burst.dll"
Loading assembly failed: "Library/ScriptAssemblies/Unity.Burst.Editor.dll"
Loading assembly failed: "Library/ScriptAssemblies/Unity.CollabProxy.Editor.dll"
Loading assembly failed: "Library/ScriptAssemblies/Unity.Collections.CodeGen.dll"
Loading assembly failed: "Library/ScriptAssemblies/Unity.Collections.dll"
Loading assembly failed: "Library/ScriptAssemblies/Unity.Collections.Editor.dll"
Loading assembly failed: "Library/ScriptAssemblies/Unity.EditorCoroutines.Editor.dll"
Loading assembly failed: "Library/ScriptAssemblies/Unity.Formats.Fbx.Editor.dll"
Loading assembly failed: "Library/ScriptAssemblies/Unity.Formats.Fbx.Runtime.dll"
Loading assembly failed: "Library/ScriptAssemblies/Unity.InputSystem.dll"
Loading assembly failed: "Library/ScriptAssemblies/Unity.InputSystem.DocCodeSamples.dll"
Loading assembly failed: "Library/ScriptAssemblies/Unity.InputSystem.ForUI.dll"
Loading assembly failed: "Library/ScriptAssemblies/Unity.InputSystem.TestFramework.dll"
Loading assembly failed: "Library/ScriptAssemblies/Unity.Mathematics.dll"
Loading assembly failed: "Library/ScriptAssemblies/Unity.Mathematics.Editor.dll"
Loading assembly failed: "Library/ScriptAssemblies/Unity.Multiplayer.Center.Common.dll"
Loading assembly failed: "Library/ScriptAssemblies/Unity.Multiplayer.Center.Editor.dll"
Loading assembly failed: "Library/ScriptAssemblies/Unity.Performance.Profile-Analyzer.Editor.dll"
Loading assembly failed: "Library/ScriptAssemblies/Unity.PerformanceTesting.dll"
Loading assembly failed: "Library/ScriptAssemblies/Unity.PerformanceTesting.Editor.dll"
Loading assembly failed: "Library/ScriptAssemblies/Unity.PlasticSCM.Editor.dll"
Loading assembly failed: "Library/ScriptAssemblies/Unity.Rendering.LightTransport.Editor.dll"
Loading assembly failed: "Library/ScriptAssemblies/Unity.Rendering.LightTransport.Runtime.dll"
Loading assembly failed: "Library/ScriptAssemblies/Unity.RenderPipelines.Core.Editor.dll"
Loading assembly failed: "Library/ScriptAssemblies/Unity.RenderPipelines.Core.Editor.Shared.dll"
Loading assembly failed: "Library/ScriptAssemblies/Unity.RenderPipelines.Core.Runtime.dll"
Loading assembly failed: "Library/ScriptAssemblies/Unity.RenderPipelines.Core.Runtime.Shared.dll"
Loading assembly failed: "Library/ScriptAssemblies/Unity.RenderPipelines.Core.ShaderLibrary.dll"
Loading assembly failed: "Library/ScriptAssemblies/Unity.RenderPipelines.GPUDriven.Runtime.dll"
Loading assembly failed: "Library/ScriptAssemblies/Unity.RenderPipelines.ShaderGraph.ShaderGraphLibrary.dll"
Loading assembly failed: "Library/ScriptAssemblies/Unity.Rider.Editor.dll"
Loading assembly failed: "Library/ScriptAssemblies/Unity.Searcher.Editor.dll"
Loading assembly failed: "Library/ScriptAssemblies/Unity.Services.Analytics.dll"
Loading assembly failed: "Library/ScriptAssemblies/Unity.Services.Analytics.Editor.dll"
Loading assembly failed: "Library/ScriptAssemblies/Unity.Services.Core.Analytics.dll"
Loading assembly failed: "Library/ScriptAssemblies/Unity.Services.Core.Components.dll"
Loading assembly failed: "Library/ScriptAssemblies/Unity.Services.Core.Configuration.dll"
Loading assembly failed: "Library/ScriptAssemblies/Unity.Services.Core.Configuration.Editor.dll"
Loading assembly failed: "Library/ScriptAssemblies/Unity.Services.Core.Device.dll"
Loading assembly failed: "Library/ScriptAssemblies/Unity.Services.Core.dll"
Loading assembly failed: "Library/ScriptAssemblies/Unity.Services.Core.Editor.dll"
Loading assembly failed: "Library/ScriptAssemblies/Unity.Services.Core.Environments.dll"
Loading assembly failed: "Library/ScriptAssemblies/Unity.Services.Core.Environments.Editor.dll"
Loading assembly failed: "Library/ScriptAssemblies/Unity.Services.Core.Environments.Internal.dll"
Loading assembly failed: "Library/ScriptAssemblies/Unity.Services.Core.Internal.dll"
Loading assembly failed: "Library/ScriptAssemblies/Unity.Services.Core.Networking.dll"
Loading assembly failed: "Library/ScriptAssemblies/Unity.Services.Core.Registration.dll"
Loading assembly failed: "Library/ScriptAssemblies/Unity.Services.Core.Scheduler.dll"
Loading assembly failed: "Library/ScriptAssemblies/Unity.Services.Core.Telemetry.dll"
Loading assembly failed: "Library/ScriptAssemblies/Unity.Services.Core.Threading.dll"
Loading assembly failed: "Library/ScriptAssemblies/Unity.Settings.Editor.dll"
Loading assembly failed: "Library/ScriptAssemblies/Unity.ShaderGraph.Editor.dll"
Loading assembly failed: "Library/ScriptAssemblies/Unity.ShaderGraph.Utilities.dll"
Loading assembly failed: "Library/ScriptAssemblies/Unity.TestTools.CodeCoverage.Editor.dll"
Loading assembly failed: "Library/ScriptAssemblies/Unity.TestTools.CodeCoverage.Editor.OpenCover.Model.dll"
Loading assembly failed: "Library/ScriptAssemblies/Unity.TestTools.CodeCoverage.Editor.OpenCover.Mono.Reflection.dll"
Loading assembly failed: "Library/ScriptAssemblies/Unity.TextMeshPro.dll"
Loading assembly failed: "Library/ScriptAssemblies/Unity.TextMeshPro.Editor.dll"
Loading assembly failed: "Library/ScriptAssemblies/Unity.Timeline.dll"
Loading assembly failed: "Library/ScriptAssemblies/Unity.Timeline.Editor.dll"
Loading assembly failed: "Library/ScriptAssemblies/Unity.VisualScripting.Core.dll"
Loading assembly failed: "Library/ScriptAssemblies/Unity.VisualScripting.Core.Editor.dll"
Loading assembly failed: "Library/ScriptAssemblies/Unity.VisualScripting.Flow.dll"
Loading assembly failed: "Library/ScriptAssemblies/Unity.VisualScripting.Flow.Editor.dll"
Loading assembly failed: "Library/ScriptAssemblies/Unity.VisualScripting.SettingsProvider.Editor.dll"
Loading assembly failed: "Library/ScriptAssemblies/Unity.VisualScripting.Shared.Editor.dll"
Loading assembly failed: "Library/ScriptAssemblies/Unity.VisualScripting.State.dll"
Loading assembly failed: "Library/ScriptAssemblies/Unity.VisualScripting.State.Editor.dll"
Loading assembly failed: "Library/ScriptAssemblies/Unity.VisualStudio.Editor.dll"
Loading assembly failed: "Library/ScriptAssemblies/Unity.XR.CoreUtils.dll"
Loading assembly failed: "Library/ScriptAssemblies/Unity.XR.CoreUtils.Editor.dll"
Loading assembly failed: "Library/ScriptAssemblies/Unity.XR.Hands.dll"
Loading assembly failed: "Library/ScriptAssemblies/Unity.XR.Hands.Editor.dll"
Loading assembly failed: "Library/ScriptAssemblies/Unity.XR.Hands.Samples.VisualizerSample.dll"
Loading assembly failed: "Library/ScriptAssemblies/Unity.XR.Interaction.Toolkit.dll"
Loading assembly failed: "Library/ScriptAssemblies/Unity.XR.Interaction.Toolkit.Editor.dll"
Loading assembly failed: "Library/ScriptAssemblies/Unity.XR.Interaction.Toolkit.Samples.Hands.dll"
Loading assembly failed: "Library/ScriptAssemblies/Unity.XR.Interaction.Toolkit.Samples.Hands.Editor.dll"
Loading assembly failed: "Library/ScriptAssemblies/Unity.XR.Interaction.Toolkit.Samples.StarterAssets.dll"
Loading assembly failed: "Library/ScriptAssemblies/Unity.XR.Interaction.Toolkit.Samples.StarterAssets.Editor.dll"
Loading assembly failed: "Library/ScriptAssemblies/Unity.XR.Management.dll"
Loading assembly failed: "Library/ScriptAssemblies/Unity.XR.Management.Editor.dll"
Loading assembly failed: "Library/ScriptAssemblies/Unity.XR.Oculus.dll"
Loading assembly failed: "Library/ScriptAssemblies/Unity.XR.Oculus.Editor.dll"
Loading assembly failed: "Library/ScriptAssemblies/Unity.XR.OpenXR.dll"
Loading assembly failed: "Library/ScriptAssemblies/Unity.XR.OpenXR.Editor.dll"
Loading assembly failed: "Library/ScriptAssemblies/Unity.XR.OpenXR.Features.ConformanceAutomation.dll"
Loading assembly failed: "Library/ScriptAssemblies/Unity.XR.OpenXR.Features.MetaQuestSupport.dll"
Loading assembly failed: "Library/ScriptAssemblies/Unity.XR.OpenXR.Features.MetaQuestSupport.Editor.dll"
Loading assembly failed: "Library/ScriptAssemblies/Unity.XR.OpenXR.Features.MockRuntime.dll"
Loading assembly failed: "Library/ScriptAssemblies/Unity.XR.OpenXR.Features.OculusQuestSupport.dll"
Loading assembly failed: "Library/ScriptAssemblies/Unity.XR.OpenXR.Features.OculusQuestSupport.Editor.dll"
Loading assembly failed: "Library/ScriptAssemblies/Unity.XR.OpenXR.Features.RuntimeDebugger.dll"
Loading assembly failed: "Library/ScriptAssemblies/Unity.XR.OpenXR.Features.RuntimeDebugger.Editor.dll"
Loading assembly failed: "Library/ScriptAssemblies/UnityEditor.Purchasing.dll"
Loading assembly failed: "Library/ScriptAssemblies/UnityEditor.SpatialTracking.dll"
Loading assembly failed: "Library/ScriptAssemblies/UnityEditor.TestRunner.dll"
Loading assembly failed: "Library/ScriptAssemblies/UnityEditor.UI.dll"
Loading assembly failed: "Library/ScriptAssemblies/UnityEditor.XR.LegacyInputHelpers.dll"
Loading assembly failed: "Library/ScriptAssemblies/UnityEngine.Advertisements.DevX.Editor.dll"
Loading assembly failed: "Library/ScriptAssemblies/UnityEngine.Advertisements.dll"
Loading assembly failed: "Library/ScriptAssemblies/UnityEngine.Advertisements.Editor.dll"
Loading assembly failed: "Library/ScriptAssemblies/UnityEngine.Purchasing.AppleCore.dll"
Loading assembly failed: "Library/ScriptAssemblies/UnityEngine.Purchasing.AppleMacosStub.dll"
Loading assembly failed: "Library/ScriptAssemblies/UnityEngine.Purchasing.AppleStub.dll"
Loading assembly failed: "Library/ScriptAssemblies/UnityEngine.Purchasing.Codeless.dll"
Loading assembly failed: "Library/ScriptAssemblies/UnityEngine.Purchasing.dll"
Loading assembly failed: "Library/ScriptAssemblies/UnityEngine.Purchasing.SecurityCore.dll"
Loading assembly failed: "Library/ScriptAssemblies/UnityEngine.Purchasing.SecurityStub.dll"
Loading assembly failed: "Library/ScriptAssemblies/UnityEngine.Purchasing.Stores.dll"
Loading assembly failed: "Library/ScriptAssemblies/UnityEngine.Purchasing.WinRTCore.dll"
Loading assembly failed: "Library/ScriptAssemblies/UnityEngine.Purchasing.WinRTStub.dll"
Loading assembly failed: "Library/ScriptAssemblies/UnityEngine.SpatialTracking.dll"
Loading assembly failed: "Library/ScriptAssemblies/UnityEngine.TestRunner.dll"
Loading assembly failed: "Library/ScriptAssemblies/UnityEngine.UI.dll"
Loading assembly failed: "Library/ScriptAssemblies/UnityEngine.XR.LegacyInputHelpers.dll"
Symbol file LoadedFromMemory is not a mono symbol file
- Loaded All Assemblies, in  4.364 seconds
Refreshing native plugins compatible for Editor in 17.34 ms, found 14 plugins.
Native extension for Android target not found
Native extension for WindowsStandalone target not found
Mono: successfully reloaded assembly
- Finished resetting the current domain, in  0.566 seconds
Domain Reload Profiling: 4900ms
	BeginReloadAssembly (324ms)
		ExecutionOrderSort (0ms)
		DisableScriptedObjects (9ms)
		BackupInstance (0ms)
		ReleaseScriptingObjects (0ms)
		CreateAndSetChildDomain (44ms)
	RebuildCommonClasses (59ms)
	RebuildNativeTypeToScriptingClass (18ms)
	initialDomainReloadingComplete (66ms)
	LoadAllAssembliesAndSetupDomain (3866ms)
		LoadAssemblies (3943ms)
		RebuildTransferFunctionScriptingTraits (0ms)
		AnalyzeDomain (147ms)
			TypeCache.Refresh (140ms)
				TypeCache.ScanAssembly (121ms)
			BuildScriptInfoCaches (3ms)
			ResolveRequiredComponents (1ms)
	FinalizeReload (566ms)
		ReleaseScriptCaches (0ms)
		RebuildScriptCaches (0ms)
		SetupLoadedEditorAssemblies (422ms)
			LogAssemblyErrors (0ms)
			InitializePlatformSupportModulesInManaged (14ms)
			SetLoadedEditorAssemblies (4ms)
			BeforeProcessingInitializeOnLoad (183ms)
			ProcessInitializeOnLoadAttributes (180ms)
			ProcessInitializeOnLoadMethodAttributes (29ms)
			AfterProcessingInitializeOnLoad (11ms)
			EditorAssembliesLoaded (0ms)
		ExecutionOrderSort2 (0ms)
		AwakeInstancesAfterBackupRestoration (8ms)
Launched and connected shader compiler UnityShaderCompiler.exe after 0.52 seconds
Refreshing native plugins compatible for Editor in 17.35 ms, found 14 plugins.
Preloading 1 native plugins for Editor in 0.05 ms.
Unloading 75 Unused Serialized files (Serialized files now loaded: 0)
Unloading 7950 unused Assets / (7.1 MB). Loaded Objects now: 8379.
Memory consumption went from 122.6 MB to 115.5 MB.
Total: 15.643100 ms (FindLiveObjects: 1.238000 ms CreateObjectMapping: 1.134200 ms MarkObjects: 5.539100 ms  DeleteObjects: 7.729900 ms)

